// Jest Snapshot v1, https://goo.gl/fbAQLP

exports[`components | CurrentlyOpen should render the component with the correct message 1`] = `
{
  "asFragment": [Function],
  "baseElement": <body>
    <div>
      <div
        class="mx-12 md:mx-5"
      >
        <div
          class="neon-borders w-fit px-3 py-2 mx-auto my-10 rounded-lg bg-stone-50/60 border border-black/20 backdrop-blur-sm shadow-lg"
          data-testid="container"
        >
          <p>
            Currently open!
          </p>
        </div>
      </div>
    </div>
  </body>,
  "container": <div>
    <div
      class="mx-12 md:mx-5"
    >
      <div
        class="neon-borders w-fit px-3 py-2 mx-auto my-10 rounded-lg bg-stone-50/60 border border-black/20 backdrop-blur-sm shadow-lg"
        data-testid="container"
      >
        <p>
          Currently open!
        </p>
      </div>
    </div>
  </div>,
  "debug": [Function],
  "findAllByAltText": [Function],
  "findAllByDisplayValue": [Function],
  "findAllByLabelText": [Function],
  "findAllByPlaceholderText": [Function],
  "findAllByRole": [Function],
  "findAllByTestId": [Function],
  "findAllByText": [Function],
  "findAllByTitle": [Function],
  "findByAltText": [Function],
  "findByDisplayValue": [Function],
  "findByLabelText": [Function],
  "findByPlaceholderText": [Function],
  "findByRole": [Function],
  "findByTestId": [Function],
  "findByText": [Function],
  "findByTitle": [Function],
  "getAllByAltText": [Function],
  "getAllByDisplayValue": [Function],
  "getAllByLabelText": [Function],
  "getAllByPlaceholderText": [Function],
  "getAllByRole": [Function],
  "getAllByTestId": [Function],
  "getAllByText": [Function],
  "getAllByTitle": [Function],
  "getByAltText": [Function],
  "getByDisplayValue": [Function],
  "getByLabelText": [Function],
  "getByPlaceholderText": [Function],
  "getByRole": [Function],
  "getByTestId": [Function],
  "getByText": [Function],
  "getByTitle": [Function],
  "queryAllByAltText": [Function],
  "queryAllByDisplayValue": [Function],
  "queryAllByLabelText": [Function],
  "queryAllByPlaceholderText": [Function],
  "queryAllByRole": [Function],
  "queryAllByTestId": [Function],
  "queryAllByText": [Function],
  "queryAllByTitle": [Function],
  "queryByAltText": [Function],
  "queryByDisplayValue": [Function],
  "queryByLabelText": [Function],
  "queryByPlaceholderText": [Function],
  "queryByRole": [Function],
  "queryByTestId": [Function],
  "queryByText": [Function],
  "queryByTitle": [Function],
  "rerender": [Function],
  "unmount": [Function],
}
`;
